
> ifbr-app@1.0.0 build
> electron-builder

  ÔÇó electron-builder  version=24.13.3 os=10.0.19045
  ÔÇó loaded configuration  file=package.json ("build" field)
  ÔÇó author is missed in the package.json  appPackageFile=C:\Users\daniel.andrade\Documents\trae_projects\IFBR\package.json
  ÔÇó packaging       platform=win32 arch=x64 electron=28.3.3 appOutDir=dist\win-unpacked
  Ô¿» remove C:\Users\daniel.andrade\Documents\trae_projects\IFBR\dist\win-unpacked\icudtl.dat: The process cannot access the file because it is being used by another process.
github.com/develar/go-fs-util.EnsureEmptyDir
	/Volumes/data/go/pkg/mod/github.com/develar/go-fs-util@v0.0.0-20190620175131-69a2d4542206/fs.go:98
github.com/develar/app-builder/pkg/electron.UnpackElectron.func1.1
	/Volumes/data/Documents/app-builder/pkg/electron/electronUnpack.go:38
github.com/develar/app-builder/pkg/util.MapAsyncConcurrency.func2
	/Volumes/data/Documents/app-builder/pkg/util/async.go:68
runtime.goexit
	/usr/local/Cellar/go/1.17/libexec/src/runtime/asm_amd64.s:1581  
  Ô¿» C:\Users\daniel.andrade\Documents\trae_projects\IFBR\node_modules\app-builder-bin\win\x64\app-builder.exe process failed ERR_ELECTRON_BUILDER_CANNOT_EXECUTE
Exit code:
1  failedTask=build stackTrace=Error: C:\Users\daniel.andrade\Documents\trae_projects\IFBR\node_modules\app-builder-bin\win\x64\app-builder.exe process failed ERR_ELECTRON_BUILDER_CANNOT_EXECUTE
Exit code:
1
    at ChildProcess.<anonymous> (C:\Users\daniel.andrade\Documents\trae_projects\IFBR\node_modules\builder-util\src\util.ts:252:14)
    at Object.onceWrapper (node:events:632:26)
    at ChildProcess.emit (node:events:517:28)
    at ChildProcess.cp.emit (C:\Users\daniel.andrade\Documents\trae_projects\IFBR\node_modules\cross-spawn\lib\enoent.js:34:29)
    at maybeClose (node:internal/child_process:1098:16)
    at Process.ChildProcess._handle.onexit (node:internal/child_process:303:5)
